LISTING FOR LOGIC DESCRIPTION FILE: SXEGS.pld                        Page 1

CUPL(WM): Universal Compiler for Programmable Logic
Version 5.0a Serial# 60008009
Copyright (c) 1983, 1998 Logical Devices, Inc.
Created Sat Jun 11 10:51:06 2022

  1:Name     SXEGS ;
  2:PartNo   00 ;
  3:Date     2022-06-07 ;
  4:Revision 01 ;
  5:Designer GienekP ;
  6:Company   ;
  7:Assembly None ;
  8:Location  ;
  9:Device   g16v8ms;
 10:
 11:/* *************** INPUT PINS *********************/
 12:PIN 1  = !F2;
 13:PIN 2  = RW;
 14:PIN 3  = nCCTL;
 15:PIN 4  = D7;
 16:PIN 5  = nS4;
 17:/*PIN 6  = In6
 18:PIN 7  = In7
 19:PIN 8  = In8
 20:PIN 9  = In9
 21:PIN 10 = !OE;*/
 22:PIN 19 = nS5;
 23:
 24:/* *************** OUTPUT PINS *********************/
 25:PIN 12 = LATCH;
 26:PIN 13 = OE;
 27:PIN 14 = CE;
 28:PIN 15 = A;
 29:PIN 16 = B;
 30:PIN 17 = H;
 31:PIN 18 = RD;
 32:
 33:/* ****************** LOGIC ************************/
 34:CE = ( nS4 & nS5 );
 35:
 36:nRW = ( !RW );
 37:OE = nRW;
 38:
 39:CCTL = ( !nCCTL );
 40:trig = ( CCTL  & nRW  );
 41:q = trig;
 42:LATCH.D = trig & q;
 43:
 44:nD7 = ( !D7 );
 45:ntrig = !trig;
 46:x = trig & nD7;
 47:y = ntrig & RD;
 48:H = x # y;
 49:RD.D = H;
 50:
 51:



Jedec Fuse Checksum       (3060)
Jedec Transmit Checksum   (b76a)
